"success" 20240409_17-47-30 
"success" 20240409_17-47-36 
"success" 20240409_17-47-37 
"success" 20240409_17-47-38 
"success" 20240409_17-47-45 
"success" 20240409_17-49-30 
"success" 2024-04-09_17-53-36 
"success" 2024-04-09_21-08-26 
"success" 2024-04-09_21-09-11 
